// Jest Snapshot v1, https://goo.gl/fbAQLP

exports[`Check that cursor-hover class is not present 1`] = `
Array [
  <div
    className="wv-map"
    id="wv-map"
  />,
  <span
    id="vector-hover-label-tooltip"
    style={
      Object {
        "display": "none",
        "left": 0,
        "position": "absolute",
        "top": 0,
      }
    }
  >
     
  </span>,
]
`;
